type octile
height 32
width 32
map
@@@@@@@@@@@@@@@@@@@@@@@@@@@@@@@@
@..@..@.........................
@..@..@........R................
@..@..@..@@@@@@@R@@@@@..@@@@..@.
@.....@..............@..@..@..@.
@.....@..............@..@..@..@.
@..@@@@@@@..@@@@@@@@@@..@..@@@@.
@...........@...........@.R...@.
@...........@...........@.....@.
@@@@@@@@@@@@@..@@@@..@@@@..@@@@@
@........R.....@.....@..@.R@....
@.R.....R......@.....@..@..@....
@..@@@@@@@@@@@@@@@@@@@..@..@@@@.
@..............@.....@.....@....
@..............@.....@...R.@....
@..@@@@@@@..@@@@R.@..@@@@..@..@@
@..@........@.....@........@..@.
@..@........@.....@........@..@.
@@@@..@@@@..@..@@@@..R@@@@@@..@.
@.....@.....@..@R....@........@.
@.....@.....@..@..R..@........@.
@..R..@@@@@@@..@..@@@@..@@@@@@@.
@.R@........@..@..@..@..@.......
@..@........@..@R.@..@..@......X
@..@@@@..@@@@..@@@@..@..@@@@@@@.
@..@..@...!.............@.......
@..@..@...R.............@.......
R..@..@@@@@@@@@@..@@@@@@@..@@@@.
@..@..@........@..@........@..@.
@..@..@........@..@........@..@.
@..@..@@@@..@..@..@@@@..@@@R..@.
@.....@.....@...R.......@.......
